2026-08-09 16:11:41.915: [INFO] CurrentProfilePath: C:\Users\NINJAP~1\AppData\Local\Temp\flutter_tools.f280436\flutter_tools_chrome_device.71168c54\Default
2026-08-09 16:11:41.915: [INFO] Profiles total count: 1
2026-08-09 16:11:41.915: [INFO] Profile: name=Profile 1 path=C:\Users\NINJAP~1\AppData\Local\Temp\flutter_tools.f280436\flutter_tools_chrome_device.71168c54\Default lastActive=null
2026-08-09 16:11:41.915: [INFO] LastUsedProfileDir: C:\Users\NINJAP~1\AppData\Local\Temp\flutter_tools.f280436\flutter_tools_chrome_device.71168c54\Default
2026-08-09 16:11:41.915: [INFO] VisibilityChanged: 0
2026-08-09 16:11:42.005: [INFO] RecordSyncInitDuration has_sync_been_enabled: 0 state: 0
2026-08-09 16:11:42.008: [INFO] RecordSyncInitDuration has_sync_been_enabled: 0 state: 0
2026-08-09 16:11:42.011: [INFO] RecordSyncInitDuration has_sync_been_enabled: 0 state: 0
2026-08-09 16:11:42.013: [INFO] RecordSyncInitDuration has_sync_been_enabled: 0 state: 0
2026-08-09 16:11:42.015: [INFO] RecordSyncInitDuration has_sync_been_enabled: 0 state: 0
2026-08-09 16:11:42.017: [INFO] RecordSyncInitDuration has_sync_been_enabled: 0 state: 0
2026-08-09 16:11:42.020: [INFO] RecordSyncInitDuration has_sync_been_enabled: 0 state: 0
2026-08-09 16:11:42.024: [INFO] RecordSyncInitDuration has_sync_been_enabled: 0 state: 0
2026-08-09 16:11:42.026: [INFO] RecordSyncInitDuration has_sync_been_enabled: 0 state: 0
2026-08-09 16:11:42.028: [INFO] RecordSyncInitDuration has_sync_been_enabled: 0 state: 0
2026-08-09 16:11:42.156: [INFO] OnDoneLoading sync enabled: 0
2026-08-09 16:11:42.156: [INFO] BookmarkModelLoaded, ids_reassigned: 0
2026-08-09 16:11:42.157: [INFO] BookmarksLoadDropped droppedNodes=0
2026-08-09 16:11:42.157: [INFO] BookmarksSnapshot Startup total=0 bar=0 other=0 mobile=0 showBar=0 showBarNTP=1
2026-08-09 16:11:42.843: [INFO] RecordSyncInitDuration has_sync_been_enabled: 0 state: 0
2026-08-09 16:18:33.592: [INFO] BookmarksSnapshot Shutdown total=0 bar=0 other=0 mobile=0 showBar=0 showBarNTP=1
2026-08-11 12:53:08.916: [INFO] CurrentProfilePath: C:\Users\NINJAP~1\AppData\Local\Temp\flutter_tools.b6f8b222\flutter_tools_chrome_device.e31da06b\Default
2026-08-11 12:53:08.916: [INFO] Profiles total count: 1
2026-08-11 12:53:08.916: [INFO] Profile: name=Profile 1 path=C:\Users\NINJAP~1\AppData\Local\Temp\flutter_tools.b6f8b222\flutter_tools_chrome_device.e31da06b\Default lastActive=null
2026-08-11 12:53:08.916: [INFO] LastUsedProfileDir: C:\Users\NINJAP~1\AppData\Local\Temp\flutter_tools.b6f8b222\flutter_tools_chrome_device.e31da06b\Default
2026-08-11 12:53:08.916: [INFO] VisibilityChanged: 0
2026-08-11 12:53:09.001: [INFO] RecordSyncInitDuration has_sync_been_enabled: 0 state: 0
2026-08-11 12:53:09.001: [INFO] OnDoneLoading sync enabled: 0
2026-08-11 12:53:09.001: [INFO] BookmarkModelLoaded, ids_reassigned: 0
2026-08-11 12:53:09.001: [INFO] BookmarksLoadDropped droppedNodes=0
2026-08-11 12:53:09.001: [INFO] BookmarksSnapshot Startup total=0 bar=0 other=0 mobile=0 showBar=0 showBarNTP=1
2026-08-11 13:18:24.081: [INFO] BookmarksSnapshot Shutdown total=0 bar=0 other=0 mobile=0 showBar=0 showBarNTP=1
